../Core/Src/main.c:92:5:main	152	static
../Core/Src/main.c:282:6:SystemClock_Config	88	static
../Core/Src/main.c:328:13:MX_ADC1_Init	24	static
../Core/Src/main.c:380:13:MX_I2C1_Init	8	static
../Core/Src/main.c:414:13:MX_I2S3_Init	8	static
../Core/Src/main.c:448:13:MX_SPI1_Init	8	static
../Core/Src/main.c:486:13:MX_USART2_UART_Init	8	static
../Core/Src/main.c:519:13:MX_GPIO_Init	56	static
../Core/Src/main.c:615:6:HAL_GPIO_EXTI_Callback	16	static
../Core/Src/main.c:628:6:Error_Handler	4	static,ignoring_inline_asm
