../Core/Src/main.c:92:5:main	168	static
../Core/Src/main.c:275:6:SystemClock_Config	88	static
../Core/Src/main.c:321:13:MX_ADC1_Init	24	static
../Core/Src/main.c:373:13:MX_I2C1_Init	8	static
../Core/Src/main.c:407:13:MX_I2S3_Init	8	static
../Core/Src/main.c:441:13:MX_SPI1_Init	8	static
../Core/Src/main.c:479:13:MX_USART2_UART_Init	8	static
../Core/Src/main.c:512:13:MX_GPIO_Init	56	static
../Core/Src/main.c:608:6:HAL_GPIO_EXTI_Callback	16	static
../Core/Src/main.c:621:6:Error_Handler	4	static,ignoring_inline_asm
