../Core/Src/pulse_oximeter.c:53:8:pulseOximeter_readRegister	32	static
../Core/Src/pulse_oximeter.c:79:19:pulseOximeter_writeRegister	32	static
../Core/Src/pulse_oximeter.c:93:6:pulseOximeter_setMeasurementMode	24	static
../Core/Src/pulse_oximeter.c:120:18:pulseOximeter_getMeasurementMode	16	static
../Core/Src/pulse_oximeter.c:143:6:pulseOximeter_setPowerMode	24	static
../Core/Src/pulse_oximeter.c:169:12:pulseOximeter_getPowerMode	16	static
../Core/Src/pulse_oximeter.c:189:6:pulseOximeter_resetRegisters	16	static
../Core/Src/pulse_oximeter.c:207:6:pulseOximeter_setLedCurrent	24	static
../Core/Src/pulse_oximeter.c:228:7:pulseOximeter_getLedCurrent	32	static
../Core/Src/pulse_oximeter.c:250:6:pulseOximeter_setSampleRate	24	static
../Core/Src/pulse_oximeter.c:272:13:pulseOximeter_getSampleRate	16	static
../Core/Src/pulse_oximeter.c:290:6:pulseOximeter_setPulseWidth	24	static
../Core/Src/pulse_oximeter.c:319:13:pulseOximeter_getPulseWidth	16	static
../Core/Src/pulse_oximeter.c:337:6:pulseOximeter_resetFifo	8	static
../Core/Src/pulse_oximeter.c:345:6:pulseOximeter_initFifo	8	static
../Core/Src/pulse_oximeter.c:362:15:pulseOximeter_readFifo	40	static
../Core/Src/pulse_oximeter.c:386:8:pulseOximeter_readFIFO	48	static
../Core/Src/pulse_oximeter.c:416:6:pulseOximeter_clearInterrupt	16	static
../Core/Src/pulse_oximeter.c:424:7:pulseOximeter_readTemperature	32	static
../Core/Src/pulse_oximeter.c:455:10:pulseOximeter_update	72	static
../Core/Src/pulse_oximeter.c:516:6:detectPulse	32	static
../Core/Src/pulse_oximeter.c:599:6:balanceIntesities	24	static
../Core/Src/pulse_oximeter.c:620:7:pulseOximeter_getBPM	4	static
../Core/Src/pulse_oximeter.c:625:7:pulseOximeter_getSPO2	4	static
